Microchip MPLAB XC8 Compiler V1.38 ()

Linker command line:

-W-3 --edf=C:\Program Files\Microchip\xc8\v1.38\dat\en_msgs.txt -cs \
  -h+dist/default/production\ultra.X.production.sym \
  --cmf=dist/default/production\ultra.X.production.cmf -z -Q18F452 \
  -oC:\Users\nikol\AppData\Local\Temp\s7fg.2 \
  -Mdist/default/production/ultra.X.production.map -E1 -ver=XC8 \
  -ASTACK=080h-05ffh -pstack=STACK -ACODE=00h-03FFFhx2 -ACONST=00h-07FFFh \
  -ASMALLCONST=0600h-06FFhx122 -AMEDIUMCONST=0600h-07FFFh -ACOMRAM=01h-07Fh \
  -AABS1=00h-05FFh -ABIGRAM=01h-05FFh -ARAM=080h-0FFh,0100h-01FFhx5 \
  -ABANK0=080h-0FFh -ABANK1=0100h-01FFh -ABANK2=0200h-02FFh \
  -ABANK3=0300h-03FFh -ABANK4=0400h-04FFh -ABANK5=0500h-05FFh \
  -ASFR=0F80h-0FFFh -preset_vec=00h,intcode,intcodelo,powerup,init,end_init \
  -pramtop=0600h -psmallconst=SMALLCONST -pmediumconst=MEDIUMCONST \
  -pconst=CONST -AFARRAM=00h-00h -ACONFIG=0300000h-030000Dh -pconfig=CONFIG \
  -AIDLOC=0200000h-0200007h -pidloc=IDLOC -AEEDATA=0F00000h-0F000FFh \
  -peeprom_data=EEDATA \
  -prdata=COMRAM,nvrram=COMRAM,nvbit=COMRAM,rbss=COMRAM,rbit=COMRAM \
  -pfarbss=FARRAM,fardata=FARRAM,nvFARRAM=FARRAM \
  -pintsave_regs=BIGRAM,bigbss=BIGRAM,bigdata=BIGRAM -pbss=RAM \
  -pidata=CODE,irdata=CODE,ibigdata=CODE,ifardata=CODE -prparam=COMRAM \
  C:\Users\nikol\AppData\Local\Temp\s7fg.obj \
  dist/default/production\ultra.X.production.obj 

Object code version is 3.11

Machine type is 18F452

Call graph: (short form)




                Name                               Link     Load   Length Selector   Space Scale
C:\Users\nikol\AppData\Local\Temp\s7fg.obj
                end_init                              2        2        4        0       0
                text                               3DCA     3DCA        2     1EE5       0
                reset_vec                             0        0        2        0       0
                idloc                            200000   200000        8   200000       0
                config                           300000   300000        E   300000       0
dist/default/production\ultra.X.production.obj
                text4                              3DF6     3DF6       18     1EFB       0
                text3                              3E0E     3E0E       1A     1F07       0
                text2                              3DD2     3DD2        E     1EE9       0
                text1                              3DE0     3DE0       16     1EF0       0
                text0                              3E28     3E28      1D8     1F14       0
                cstackCOMRAM                          1        1        C        1       1
                cinit                              3DCC     3DCC        6     1EE6       0

TOTAL           Name                               Link     Load   Length     Space
        CLASS   STACK          

        CLASS   CODE           
                end_init                              2        2        4         0
                text                               3DCA     3DCA        2         0
                reset_vec                             0        0        2         0
                text4                              3DF6     3DF6       18         0
                text3                              3E0E     3E0E       1A         0
                text2                              3DD2     3DD2        E         0
                text1                              3DE0     3DE0       16         0
                text0                              3E28     3E28      1D8         0
                cinit                              3DCC     3DCC        6         0

        CLASS   CONST          

        CLASS   SMALLCONST     

        CLASS   MEDIUMCONST    

        CLASS   COMRAM         
                cstackCOMRAM                          1        1        C         1

        CLASS   ABS1           

        CLASS   BIGRAM         

        CLASS   RAM            

        CLASS   BANK0          

        CLASS   BANK1          

        CLASS   BANK2          

        CLASS   BANK3          

        CLASS   BANK4          

        CLASS   BANK5          

        CLASS   SFR            

        CLASS   FARRAM         

        CLASS   CONFIG         
                config                           300000   300000        E         0

        CLASS   IDLOC          
                idloc                            200000   200000        8         0

        CLASS   EEDATA         



SEGMENTS        Name                           Load    Length   Top    Selector   Space  Class

                reset_vec                      000000  000006  000006         0       0  CODE    
                cstackCOMRAM                   000001  00000C  00000D         1       1  COMRAM  
                text                           003DCA  000002  003DCC      1EE5       0  CODE    
                cinit                          003DCC  000006  003DD2      1EE6       0  CODE    
                text2                          003DD2  00000E  003DE0      1EE9       0  CODE    
                text1                          003DE0  000016  003DF6      1EF0       0  CODE    
                text4                          003DF6  000018  003E0E      1EFB       0  CODE    
                text3                          003E0E  00001A  003E28      1F07       0  CODE    
                text0                          003E28  0001D8  004000      1F14       0  CODE    
                idloc                          200000  000008  200008    200000       0  IDLOC   
                config                         300000  00000E  30000E    300000       0  CONFIG  


UNUSED ADDRESS RANGES

        Name                Unused          Largest block    Delta
        BANK0            000080-0000FF               80
        BANK1            000100-0001FF              100
        BANK2            000200-0002FF              100
        BANK3            000300-0003FF              100
        BANK4            000400-0004FF              100
        BANK5            000500-0005FF              100
        BIGRAM           00000D-0005FF              5F3
        CODE             000006-003DC9             3DC4
                         004000-007FFF             4000
        COMRAM           00000D-00007F               73
        CONST            000006-003DC9             3DC4
                         004000-007FFF             4000
        EEDATA           F00000-F000FF              100
        MEDIUMCONST      000600-003DC9             37CA
                         004000-007FFF             4000
        RAM              000080-0005FF              100
        SFR              000F80-000FFF               80
        SMALLCONST       000600-003DC9              100
                         004000-007FFF              100
        STACK            000080-0005FF              580

                                  Symbol Table

_ADCON1                                                       (abs)        000FC1
_BORRAR_BASURA                                                text4        003DF6
_CONF_PUERTOS                                                 text3        003E0E
_CONF_TIMER0                                                  text2        003DD2
_INTCONbits                                                   (abs)        000FF2
_LATA                                                         (abs)        000F89
_LATAbits                                                     (abs)        000F89
_LATB                                                         (abs)        000F8A
_LATBbits                                                     (abs)        000F8A
_LATD                                                         (abs)        000F8C
_LATDbits                                                     (abs)        000F8C
_LATE                                                         (abs)        000F8D
_PORTBbits                                                    (abs)        000F81
_PULSO_10u                                                    text1        003DE0
_T0CON                                                        (abs)        000FD5
_T0CONbits                                                    (abs)        000FD5
_TMR0L                                                        (abs)        000FD6
_TRISA                                                        (abs)        000F92
_TRISB                                                        (abs)        000F93
_TRISD                                                        (abs)        000F95
_TRISE                                                        (abs)        000F96
__CFG_BOR$OFF                                                 (abs)        000000
__CFG_BORV$20                                                 (abs)        000000
__CFG_CCP2MUX$ON                                              (abs)        000000
__CFG_CP0$OFF                                                 (abs)        000000
__CFG_CP1$OFF                                                 (abs)        000000
__CFG_CP2$OFF                                                 (abs)        000000
__CFG_CP3$OFF                                                 (abs)        000000
__CFG_CPB$OFF                                                 (abs)        000000
__CFG_CPD$OFF                                                 (abs)        000000
__CFG_EBTR0$OFF                                               (abs)        000000
__CFG_EBTR1$OFF                                               (abs)        000000
__CFG_EBTR2$OFF                                               (abs)        000000
__CFG_EBTR3$OFF                                               (abs)        000000
__CFG_EBTRB$OFF                                               (abs)        000000
__CFG_LVP$OFF                                                 (abs)        000000
__CFG_OSC$HSPLL                                               (abs)        000000
__CFG_OSCS$OFF                                                (abs)        000000
__CFG_PWRT$ON                                                 (abs)        000000
__CFG_STVR$ON                                                 (abs)        000000
__CFG_WDT$OFF                                                 (abs)        000000
__CFG_WDTPS$128                                               (abs)        000000
__CFG_WRT0$OFF                                                (abs)        000000
__CFG_WRT1$OFF                                                (abs)        000000
__CFG_WRT2$OFF                                                (abs)        000000
__CFG_WRT3$OFF                                                (abs)        000000
__CFG_WRTB$OFF                                                (abs)        000000
__CFG_WRTC$OFF                                                (abs)        000000
__CFG_WRTD$OFF                                                (abs)        000000
__HRAM                                                        (abs)        000000
__Habs1                                                       abs1         000000
__Hbank0                                                      bank0        000000
__Hbank1                                                      bank1        000000
__Hbank2                                                      bank2        000000
__Hbank3                                                      bank3        000000
__Hbank4                                                      bank4        000000
__Hbank5                                                      bank5        000000
__Hbigbss                                                     bigbss       000000
__Hbigdata                                                    bigdata      000000
__Hbigram                                                     bigram       000000
__Hbss                                                        bss          000000
__Hcinit                                                      cinit        000000
__Hclrtext                                                    clrtext      000000
__Hcomram                                                     comram       000000
__Hconfig                                                     config       30000E
__Hconst                                                      const        000000
__HcstackCOMRAM                                               cstackCOMRAM 000000
__Hdata                                                       data         000000
__Heeprom_data                                                eeprom_data  000000
__Hend_init                                                   end_init     000006
__Hfarbss                                                     farbss       000000
__Hfardata                                                    fardata      000000
__Hibigdata                                                   ibigdata     000000
__Hidata                                                      idata        000000
__Hidloc                                                      idloc        200008
__Hifardata                                                   ifardata     000000
__Hinit                                                       init         000002
__Hintcode                                                    intcode      000002
__Hintcode_body                                               intcode_body 000000
__Hintcodelo                                                  intcodelo    000002
__Hintentry                                                   intentry     000000
__Hintret                                                     intret       000000
__Hintsave_regs                                               intsave_regs 000000
__Hirdata                                                     irdata       000000
__Hmediumconst                                                mediumconst  000000
__HnvFARRAM                                                   nvFARRAM     000000
__Hnvbit                                                      nvbit        000000
__Hnvrram                                                     nvrram       000000
__Hparam                                                      rparam       000000
__Hpowerup                                                    powerup      000002
__Hram                                                        ram          000000
__Hramtop                                                     ramtop       000600
__Hrbit                                                       rbit         000000
__Hrbss                                                       rbss         000000
__Hrdata                                                      rdata        000000
__Hreset_vec                                                  reset_vec    000002
__Hrparam                                                     rparam       000000
__Hsfr                                                        sfr          000000
__Hsmallconst                                                 smallconst   000000
__Hspace_0                                                    (abs)        30000E
__Hspace_1                                                    (abs)        00000D
__Hspace_2                                                    (abs)        000000
__Hstack                                                      stack        000000
__Hstruct                                                     struct       000000
__Htemp                                                       temp         000000
__Htext                                                       text         000000
__Htext0                                                      text0        000000
__Htext1                                                      text1        000000
__Htext2                                                      text2        000000
__Htext3                                                      text3        000000
__Htext4                                                      text4        000000
__LRAM                                                        (abs)        000001
__Labs1                                                       abs1         000000
__Lbank0                                                      bank0        000000
__Lbank1                                                      bank1        000000
__Lbank2                                                      bank2        000000
__Lbank3                                                      bank3        000000
__Lbank4                                                      bank4        000000
__Lbank5                                                      bank5        000000
__Lbigbss                                                     bigbss       000000
__Lbigdata                                                    bigdata      000000
__Lbigram                                                     bigram       000000
__Lbss                                                        bss          000000
__Lcinit                                                      cinit        000000
__Lclrtext                                                    clrtext      000000
__Lcomram                                                     comram       000000
__Lconfig                                                     config       300000
__Lconst                                                      const        000000
__LcstackCOMRAM                                               cstackCOMRAM 000000
__Ldata                                                       data         000000
__Leeprom_data                                                eeprom_data  000000
__Lend_init                                                   end_init     000002
__Lfarbss                                                     farbss       000000
__Lfardata                                                    fardata      000000
__Libigdata                                                   ibigdata     000000
__Lidata                                                      idata        000000
__Lidloc                                                      idloc        200000
__Lifardata                                                   ifardata     000000
__Linit                                                       init         000002
__Lintcode                                                    intcode      000002
__Lintcode_body                                               intcode_body 000000
__Lintcodelo                                                  intcodelo    000002
__Lintentry                                                   intentry     000000
__Lintret                                                     intret       000000
__Lintsave_regs                                               intsave_regs 000000
__Lirdata                                                     irdata       000000
__Lmediumconst                                                mediumconst  000000
__LnvFARRAM                                                   nvFARRAM     000000
__Lnvbit                                                      nvbit        000000
__Lnvrram                                                     nvrram       000000
__Lparam                                                      rparam       000000
__Lpowerup                                                    powerup      000002
__Lram                                                        ram          000000
__Lramtop                                                     ramtop       000600
__Lrbit                                                       rbit         000000
__Lrbss                                                       rbss         000000
__Lrdata                                                      rdata        000000
__Lreset_vec                                                  reset_vec    000000
__Lrparam                                                     rparam       000000
__Lsfr                                                        sfr          000000
__Lsmallconst                                                 smallconst   000000
__Lspace_0                                                    (abs)        000000
__Lspace_1                                                    (abs)        000000
__Lspace_2                                                    (abs)        000000
__Lstack                                                      stack        000000
__Lstruct                                                     struct       000000
__Ltemp                                                       temp         000000
__Ltext                                                       text         000000
__Ltext0                                                      text0        000000
__Ltext1                                                      text1        000000
__Ltext2                                                      text2        000000
__Ltext3                                                      text3        000000
__Ltext4                                                      text4        000000
__S0                                                          (abs)        30000E
__S1                                                          (abs)        00000D
__S2                                                          (abs)        000000
___inthi_sp                                                   stack        000000
___intlo_sp                                                   stack        000000
___param_bank                                                 (abs)        000010
___rparam_used                                                (abs)        000001
___sp                                                         stack        000000
__accesstop                                                   (abs)        000080
__activetblptr                                                (abs)        000000
__cntErrataNOP_C:\Users\nikol\AppData\Local\Temp\s7fg.obj     (abs)        000001
__cntErrataNOP_dist/default/production\ultra.X.production.obj (abs)        00001E
__end_of_BORRAR_BASURA                                        text4        003E0C
__end_of_CONF_PUERTOS                                         text3        003E28
__end_of_CONF_TIMER0                                          text2        003DE0
__end_of_PULSO_10u                                            text1        003DF6
__end_of__initialization                                      cinit        003DCC
__end_of_main                                                 text0        004000
__initialization                                              cinit        003DCC
__mediumconst                                                 mediumconst  000000
__pcinit                                                      cinit        003DCC
__pcstackCOMRAM                                               cstackCOMRAM 000001
__ptext0                                                      text0        003E28
__ptext1                                                      text1        003DE0
__ptext2                                                      text2        003DD2
__ptext3                                                      text3        003E0E
__ptext4                                                      text4        003DF6
__ramtop                                                      ramtop       000600
__size_of_BORRAR_BASURA                                       (abs)        000000
__size_of_CONF_PUERTOS                                        (abs)        000000
__size_of_CONF_TIMER0                                         (abs)        000000
__size_of_PULSO_10u                                           (abs)        000000
__size_of_main                                                (abs)        000000
__smallconst                                                  smallconst   000000
_main                                                         text0        003E28
end_of_initialization                                         cinit        003DCC
intlevel0                                                     text         003DCA
intlevel1                                                     text         003DCA
intlevel2                                                     text         003DCA
intlevel3                                                     text         003DCA
main@BANDERA                                                  cstackCOMRAM 000006
main@CS1                                                      cstackCOMRAM 000007
main@CS2                                                      cstackCOMRAM 000009
main@CS3                                                      cstackCOMRAM 00000B
main@CTOTAL                                                   cstackCOMRAM 000004
main@ESTADO                                                   cstackCOMRAM 000003
stackhi                                                       (abs)        0005FF
stacklo                                                       (abs)        000080
start                                                         init         000002
start_initialization                                          cinit        003DCC


FUNCTION INFORMATION:

 *************** function _main *****************
 Defined at:
		line 65 in file "ultra.c"
 Parameters:    Size  Location     Type
		None
 Auto vars:     Size  Location     Type
  CS3             2   10[COMRAM] unsigned int 
  CS2             2    8[COMRAM] unsigned int 
  CS1             2    6[COMRAM] unsigned int 
  CTOTAL          2    3[COMRAM] unsigned int 
  BANDERA         1    5[COMRAM] unsigned char 
  ESTADO          1    2[COMRAM] unsigned char 
 Return value:  Size  Location     Type
                  1    wreg      void 
 Registers used:
		wreg, status,2, status,0, cstack
 Tracked objects:
		On entry : 
		On exit  : 
		Unchanged: 
 Data sizes:     COMRAM   BANK0   BANK1   BANK2   BANK3   BANK4   BANK5
      Params:         0       0       0       0       0       0       0
      Locals:        10       0       0       0       0       0       0
      Temps:          2       0       0       0       0       0       0
      Totals:        12       0       0       0       0       0       0
Total ram usage:       12 bytes
 Hardware stack levels required when called:    1
 This function calls:
		_BORRAR_BASURA
		_CONF_PUERTOS
		_CONF_TIMER0
		_PULSO_10u
 This function is called by:
		Startup code after reset
 This function uses a non-reentrant model


 *************** function _PULSO_10u *****************
 Defined at:
		line 165 in file "ultra.c"
 Parameters:    Size  Location     Type
		None
 Auto vars:     Size  Location     Type
		None
 Return value:  Size  Location     Type
                  1    wreg      void 
 Registers used:
		wreg, status,2
 Tracked objects:
		On entry : 
		On exit  : 
		Unchanged: 
 Data sizes:     COMRAM   BANK0   BANK1   BANK2   BANK3   BANK4   BANK5
      Params:         0       0       0       0       0       0       0
      Locals:         0       0       0       0       0       0       0
      Temps:          0       0       0       0       0       0       0
      Totals:         0       0       0       0       0       0       0
Total ram usage:        0 bytes
 Hardware stack levels used:    1
 This function calls:
		Nothing
 This function is called by:
		_main
 This function uses a non-reentrant model


 *************** function _CONF_TIMER0 *****************
 Defined at:
		line 159 in file "ultra.c"
 Parameters:    Size  Location     Type
		None
 Auto vars:     Size  Location     Type
		None
 Return value:  Size  Location     Type
                  1    wreg      void 
 Registers used:
		wreg, status,2
 Tracked objects:
		On entry : 
		On exit  : 
		Unchanged: 
 Data sizes:     COMRAM   BANK0   BANK1   BANK2   BANK3   BANK4   BANK5
      Params:         0       0       0       0       0       0       0
      Locals:         0       0       0       0       0       0       0
      Temps:          0       0       0       0       0       0       0
      Totals:         0       0       0       0       0       0       0
Total ram usage:        0 bytes
 Hardware stack levels used:    1
 This function calls:
		Nothing
 This function is called by:
		_main
 This function uses a non-reentrant model


 *************** function _CONF_PUERTOS *****************
 Defined at:
		line 141 in file "ultra.c"
 Parameters:    Size  Location     Type
		None
 Auto vars:     Size  Location     Type
		None
 Return value:  Size  Location     Type
                  1    wreg      void 
 Registers used:
		wreg, status,2
 Tracked objects:
		On entry : 
		On exit  : 
		Unchanged: 
 Data sizes:     COMRAM   BANK0   BANK1   BANK2   BANK3   BANK4   BANK5
      Params:         0       0       0       0       0       0       0
      Locals:         0       0       0       0       0       0       0
      Temps:          0       0       0       0       0       0       0
      Totals:         0       0       0       0       0       0       0
Total ram usage:        0 bytes
 Hardware stack levels used:    1
 This function calls:
		Nothing
 This function is called by:
		_main
 This function uses a non-reentrant model


 *************** function _BORRAR_BASURA *****************
 Defined at:
		line 151 in file "ultra.c"
 Parameters:    Size  Location     Type
		None
 Auto vars:     Size  Location     Type
		None
 Return value:  Size  Location     Type
                  1    wreg      void 
 Registers used:
		wreg, status,2
 Tracked objects:
		On entry : 
		On exit  : 
		Unchanged: 
 Data sizes:     COMRAM   BANK0   BANK1   BANK2   BANK3   BANK4   BANK5
      Params:         0       0       0       0       0       0       0
      Locals:         0       0       0       0       0       0       0
      Temps:          0       0       0       0       0       0       0
      Totals:         0       0       0       0       0       0       0
Total ram usage:        0 bytes
 Hardware stack levels used:    1
 This function calls:
		Nothing
 This function is called by:
		_main
 This function uses a non-reentrant model



MODULE INFORMATION

Module		Function		Class		Link	Load	Size
ultra.c
		_PULSO_10u     		CODE           	3DE0	0000	23
		_CONF_PUERTOS  		CODE           	3E0E	0000	27
		_main          		CODE           	3E28	0000	473
		_CONF_TIMER0   		CODE           	3DD2	0000	15
		_BORRAR_BASURA 		CODE           	3DF6	0000	23

ultra.c estimated size: 561

shared
		__initialization		CODE           	3DCC	0000	1

shared estimated size: 1

